 Entering Gaussian System
 *********************************************
 Gaussian 98:
 frequency output generated by the xtb code
 *********************************************
                         Standard orientation:
 --------------------------------------------------------------------
  Center     Atomic     Atomic              Coordinates (Angstroms)
  Number     Number      Type              X           Y           Z
 --------------------------------------------------------------------
    1          6             0       -4.241180   -0.637574   -0.001551
    2          6             0       -3.033689    0.274833   -0.001801
    3          1             0       -4.864391   -0.391127   -0.858497
    4          1             0       -3.977719   -1.692168   -0.035066
    5          1             0       -4.826333   -0.438240    0.893854
    6          8             0       -3.109293    1.467851   -0.002593
    7          8             0       -1.833672   -0.333939    0.001952
    8          1             0       -1.896709   -1.297520    0.003697
 --------------------------------------------------------------------
     1 basis functions        1 primitive gaussians
     1 alpha electrons        1 beta electrons
 
 Harmonic frequencies (cm**-1), IR intensities (km*mol⁻¹),
 Raman scattering activities (A**4/amu), Raman depolarization ratios,
 reduced masses (AMU), force constants (mDyne/A) and normal coordinates:
                      1                      2                      3
                        a                      a                      a 
 Frequencies --  -113.0341               450.2292               455.5127
 Red. masses --     1.9463                10.2775                 2.9347
 Frc consts  --     0.0000                 0.0000                 0.0000
 IR Inten    --     3.2156                 8.9599               152.4726
 Raman Activ --     0.0000                 0.0000                 0.0000
 Depolar     --     0.0000                 0.0000                 0.0000
 Atom AN      X      Y      Z        X      Y      Z        X      Y      Z
   1   6     0.00  -0.00  -0.02    -0.27   0.30   0.00     0.03  -0.03   0.03
   2   6    -0.00   0.00  -0.05     0.13  -0.28  -0.01    -0.01   0.03  -0.13
   3   1    -0.30   0.36   0.32    -0.03   0.26   0.01    -0.07  -0.08   0.05
   4   1    -0.01   0.01  -0.53    -0.34   0.03   0.00     0.03  -0.01   0.07
   5   1     0.31  -0.38   0.28    -0.02   0.25   0.00     0.08   0.02   0.05
   6   8     0.00   0.00  -0.16    -0.28  -0.35  -0.01     0.03   0.04  -0.05
   7   8    -0.00  -0.00   0.18     0.43   0.19   0.04    -0.05  -0.02   0.32
   8   1    -0.00  -0.00   0.09     0.23   0.04  -0.10    -0.02  -0.01  -0.91
                      4                      5                      6
                        a                      a                      a 
 Frequencies --   561.0319               576.9017               882.8665
 Red. masses --    13.0199                 8.9746                12.4987
 Frc consts  --     0.0000                 0.0000                 0.0000
 IR Inten    --     4.9781                 1.8545                21.0722
 Raman Activ --     0.0000                 0.0000                 0.0000
 Depolar     --     0.0000                 0.0000                 0.0000
 Atom AN      X      Y      Z        X      Y      Z        X      Y      Z
   1   6     0.36   0.23  -0.00    -0.03  -0.01  -0.03    -0.50  -0.26   0.00
   2   6     0.26   0.14  -0.05    -0.02  -0.01  -0.73     0.13   0.26  -0.01
   3   1     0.10   0.09   0.01    -0.25  -0.21   0.12    -0.17  -0.17  -0.01
   4   1     0.03   0.05   0.01    -0.01  -0.01   0.19    -0.06  -0.06  -0.00
   5   1     0.13   0.12   0.00     0.25   0.21   0.12    -0.17  -0.17   0.00
   6   8    -0.59   0.12   0.02     0.04  -0.01   0.33    -0.08   0.36   0.00
   7   8     0.04  -0.48   0.01    -0.00   0.04   0.16     0.52  -0.25   0.00
   8   1    -0.25  -0.10   0.02     0.02   0.01   0.23    -0.06  -0.05  -0.00
                      7                      8                      9
                        a                      a                      a 
 Frequencies --   997.0435               999.0949              1129.9626
 Red. masses --     4.6667                 5.8485                 5.1103
 Frc consts  --     0.0000                 0.0000                 0.0000
 IR Inten    --     0.9040                44.8503                 5.7443
 Raman Activ --     0.0000                 0.0000                 0.0000
 Depolar     --     0.0000                 0.0000                 0.0000
 Atom AN      X      Y      Z        X      Y      Z        X      Y      Z
   1   6     0.07  -0.45   0.04     0.00  -0.05  -0.42    -0.16   0.17  -0.00
   2   6     0.21   0.06  -0.05     0.02   0.01   0.49     0.31  -0.10   0.00
   3   1     0.15   0.28   0.02    -0.39  -0.22   0.13    -0.10  -0.19  -0.02
   4   1    -0.57  -0.26  -0.03    -0.07  -0.04   0.22     0.21   0.10   0.00
   5   1     0.04   0.21  -0.05     0.43   0.29   0.12    -0.08  -0.18   0.02
   6   8     0.07   0.10   0.01     0.01   0.01  -0.09     0.01  -0.29   0.00
   7   8    -0.12   0.16   0.01    -0.01   0.02  -0.09     0.03   0.27  -0.00
   8   1    -0.37   0.06  -0.00    -0.04   0.01   0.02    -0.73   0.10  -0.00
                     10                     11                     12
                        a                      a                      a 
 Frequencies --  1221.9577              1375.6414              1442.7489
 Red. masses --    10.8265                 3.0638                 1.5737
 Frc consts  --     0.0000                 0.0000                 0.0000
 IR Inten    --   626.7952                35.5877                 5.9995
 Raman Activ --     0.0000                 0.0000                 0.0000
 Depolar     --     0.0000                 0.0000                 0.0000
 Atom AN      X      Y      Z        X      Y      Z        X      Y      Z
   1   6    -0.19  -0.03  -0.00    -0.39  -0.19   0.01     0.01  -0.01   0.22
   2   6     0.74   0.01   0.00     0.03   0.00   0.00     0.00   0.00   0.05
   3   1    -0.06  -0.10  -0.01     0.42   0.24  -0.26    -0.04  -0.44  -0.07
   4   1     0.00  -0.00   0.00     0.43   0.09  -0.02    -0.00   0.02  -0.72
   5   1    -0.05  -0.10   0.01     0.43   0.25   0.25    -0.01   0.47  -0.09
   6   8    -0.09   0.03  -0.00    -0.01   0.01  -0.00    -0.00  -0.00  -0.01
   7   8    -0.46   0.05  -0.00    -0.00   0.00  -0.00    -0.00   0.00  -0.00
   8   1     0.40  -0.02   0.00    -0.04   0.00  -0.00     0.00  -0.00  -0.01
                     13                     14                     15
                        a                      a                      a 
 Frequencies --  1463.0281              1800.3840              3031.1764
 Red. masses --     1.7144                13.3947                 1.5956
 Frc consts  --     0.0000                 0.0000                 0.0000
 IR Inten    --     7.0612               438.7065                19.7798
 Raman Activ --     0.0000                 0.0000                 0.0000
 Depolar     --     0.0000                 0.0000                 0.0000
 Atom AN      X      Y      Z        X      Y      Z        X      Y      Z
   1   6     0.01  -0.24  -0.02    -0.02  -0.05  -0.00    -0.03   0.23  -0.00
   2   6     0.07  -0.01  -0.00    -0.02   0.79  -0.00    -0.00   0.01  -0.00
   3   1    -0.31   0.40   0.35     0.00   0.02   0.00    -0.06   0.05  -0.08
   4   1     0.46   0.09   0.03    -0.03  -0.01   0.00     0.25  -0.92  -0.03
   5   1    -0.33   0.38  -0.30    -0.00   0.02  -0.00    -0.09   0.06   0.13
   6   8    -0.01  -0.00   0.00     0.03  -0.61   0.00     0.00  -0.00  -0.00
   7   8    -0.01   0.01   0.00    -0.00  -0.04   0.00     0.00  -0.00  -0.00
   8   1    -0.02   0.00  -0.00     0.08  -0.00   0.00     0.00  -0.00  -0.00
                     16                     17                     18
                        a                      a                      a 
 Frequencies --  3034.1425              3045.5961              3499.9685
 Red. masses --     1.9362                 1.6368                 1.8577
 Frc consts  --     0.0000                 0.0000                 0.0000
 IR Inten    --     3.0099                 4.6686                27.6908
 Raman Activ --     0.0000                 0.0000                 0.0000
 Depolar     --     0.0000                 0.0000                 0.0000
 Atom AN      X      Y      Z        X      Y      Z        X      Y      Z
   1   6    -0.02   0.02   0.29     0.20  -0.12   0.03     0.00  -0.00  -0.00
   2   6    -0.00   0.00   0.01     0.01  -0.00   0.00    -0.00   0.01  -0.00
   3   1    -0.35   0.15  -0.45    -0.42   0.17  -0.61     0.00  -0.00   0.00
   4   1     0.01  -0.06   0.04    -0.02   0.15   0.01    -0.00  -0.00   0.00
   5   1     0.42  -0.15  -0.61    -0.29   0.10   0.50     0.00  -0.00  -0.00
   6   8     0.00   0.00  -0.00    -0.00  -0.00  -0.00    -0.00  -0.00  -0.00
   7   8     0.00  -0.00  -0.00    -0.00   0.00  -0.00     0.02   0.24  -0.00
   8   1     0.00  -0.00   0.00    -0.00  -0.00   0.00    -0.05  -0.97   0.00
