 Entering Gaussian System
 *********************************************
 Gaussian 98:
 frequency output generated by the xtb code
 *********************************************
                         Standard orientation:
 --------------------------------------------------------------------
  Center     Atomic     Atomic              Coordinates (Angstroms)
  Number     Number      Type              X           Y           Z
 --------------------------------------------------------------------
    1          6             0       -3.493369   -0.076982   -0.007961
    2          6             0       -2.225058    0.736561    0.000010
    3          1             0       -3.546059   -0.669061    0.903956
    4          1             0       -4.361855    0.573457   -0.068088
    5          1             0       -3.486330   -0.760780   -0.854335
    6          8             0       -2.221445    1.940507   -0.002752
    7          6             0       -0.950980   -0.075889    0.009036
    8          1             0       -0.390372    0.140952   -0.898731
    9          1             0       -0.333236    0.234868    0.849242
   10          1             0       -1.146387   -1.141594    0.069455
 --------------------------------------------------------------------
     1 basis functions        1 primitive gaussians
     1 alpha electrons        1 beta electrons
 
 Harmonic frequencies (cm**-1), IR intensities (km*mol⁻¹),
 Raman scattering activities (A**4/amu), Raman depolarization ratios,
 reduced masses (AMU), force constants (mDyne/A) and normal coordinates:
                      1                      2                      3
                        a                      a                      a 
 Frequencies --   -98.2603               151.7863               386.9595
 Red. masses --     1.8457                 1.5870                 8.2700
 Frc consts  --     0.0000                 0.0000                 0.0000
 IR Inten    --     2.6655                 0.7367                 1.7118
 Raman Activ --     0.0000                 0.0000                 0.0000
 Depolar     --     0.0000                 0.0000                 0.0000
 Atom AN      X      Y      Z        X      Y      Z        X      Y      Z
   1   6     0.01  -0.00  -0.16     0.01  -0.00  -0.01    -0.37   0.23  -0.00
   2   6     0.00   0.00   0.04    -0.00   0.01   0.05     0.01  -0.31   0.00
   3   1    -0.09   0.09   0.01     0.22  -0.45  -0.28    -0.24   0.07  -0.01
   4   1     0.01  -0.01  -0.18    -0.02   0.02   0.48     0.04   0.27   0.01
   5   1     0.08  -0.08   0.02    -0.18   0.41  -0.34    -0.26   0.08  -0.01
   6   8    -0.00   0.00   0.19     0.00   0.01  -0.15     0.00  -0.36  -0.00
   7   6    -0.00  -0.00  -0.02    -0.01  -0.00   0.14     0.37   0.25   0.00
   8   1    -0.29  -0.39  -0.28    -0.07  -0.12  -0.03     0.06   0.18  -0.00
   9   1     0.27   0.35  -0.34     0.06   0.11  -0.05     0.05   0.21  -0.01
  10   1     0.01   0.03   0.49    -0.00   0.01   0.19     0.31   0.04   0.01
                      4                      5                      6
                        a                      a                      a 
 Frequencies --   488.4381               515.4697               838.3354
 Red. masses --     7.9929                11.2825                 9.8886
 Frc consts  --     0.0000                 0.0000                 0.0000
 IR Inten    --     0.6911                14.6238                 4.4743
 Raman Activ --     0.0000                 0.0000                 0.0000
 Depolar     --     0.0000                 0.0000                 0.0000
 Atom AN      X      Y      Z        X      Y      Z        X      Y      Z
   1   6     0.01   0.02   0.03    -0.20  -0.29   0.00    -0.50  -0.25   0.03
   2   6     0.02  -0.00  -0.70    -0.30  -0.00  -0.04    -0.01   0.24  -0.00
   3   1     0.26   0.12   0.10     0.06  -0.09   0.00    -0.14  -0.10  -0.02
   4   1    -0.01   0.01   0.20    -0.17  -0.23   0.01    -0.21  -0.17  -0.02
   5   1    -0.25  -0.10   0.10     0.05  -0.10   0.01    -0.05  -0.05  -0.01
   6   8    -0.04  -0.00   0.32     0.66  -0.01   0.02     0.02   0.34   0.00
   7   6     0.01  -0.02   0.07    -0.22   0.29   0.00     0.50  -0.18  -0.03
   8   1     0.21  -0.18   0.11    -0.08   0.18   0.01     0.21  -0.19   0.01
   9   1    -0.19   0.15   0.11    -0.12   0.21  -0.00     0.14  -0.15   0.02
  10   1    -0.02   0.01   0.18     0.12   0.05   0.01    -0.00  -0.03   0.02
                      7                      8                      9
                        a                      a                      a 
 Frequencies --   868.0624               953.1016              1053.5596
 Red. masses --     2.9708                 5.1650                 6.4540
 Frc consts  --     0.0000                 0.0000                 0.0000
 IR Inten    --     0.0561                 5.8354                38.4873
 Raman Activ --     0.0000                 0.0000                 0.0000
 Depolar     --     0.0000                 0.0000                 0.0000
 Atom AN      X      Y      Z        X      Y      Z        X      Y      Z
   1   6     0.06   0.03   0.27    -0.01  -0.39   0.01    -0.00   0.00   0.32
   2   6    -0.00  -0.03  -0.01     0.26   0.00  -0.01     0.01   0.00  -0.54
   3   1    -0.36  -0.21  -0.10    -0.32  -0.05   0.01    -0.28  -0.20  -0.08
   4   1     0.05   0.03  -0.18     0.26   0.26   0.00     0.02   0.00  -0.16
   5   1     0.35   0.21  -0.10    -0.35  -0.07  -0.03     0.26   0.19  -0.08
   6   8    -0.00  -0.04   0.02     0.09   0.02   0.00    -0.01   0.01   0.10
   7   6    -0.06   0.02  -0.30    -0.14   0.36   0.00    -0.00  -0.02   0.30
   8   1     0.36  -0.21   0.11     0.02  -0.12  -0.01    -0.30   0.17  -0.08
   9   1    -0.37   0.23   0.11     0.06  -0.15   0.01     0.27  -0.13  -0.08
  10   1    -0.02   0.02   0.19    -0.44   0.17  -0.01     0.04  -0.02  -0.16
                     10                     11                     12
                        a                      a                      a 
 Frequencies --  1064.8291              1191.6533              1364.9697
 Red. masses --     5.4898                 9.7747                 3.3731
 Frc consts  --     0.0000                 0.0000                 0.0000
 IR Inten    --     4.4608               190.7462                46.7637
 Raman Activ --     0.0000                 0.0000                 0.0000
 Depolar     --     0.0000                 0.0000                 0.0000
 Atom AN      X      Y      Z        X      Y      Z        X      Y      Z
   1   6    -0.12   0.28   0.01     0.30  -0.03   0.00     0.34   0.27  -0.01
   2   6    -0.03  -0.14  -0.01    -0.79   0.01  -0.01    -0.07  -0.00  -0.00
   3   1     0.23   0.02  -0.01    -0.03   0.04   0.02    -0.39  -0.26  -0.22
   4   1    -0.25  -0.24  -0.01     0.25   0.23   0.00    -0.25  -0.35   0.03
   5   1     0.27   0.05   0.02    -0.03   0.03  -0.02    -0.39  -0.24   0.22
   6   8     0.02  -0.33   0.00     0.11   0.01   0.00     0.01  -0.01   0.00
   7   6     0.12   0.36   0.01     0.26   0.01   0.00     0.14  -0.04  -0.00
   8   1     0.09  -0.21  -0.03     0.10  -0.16  -0.01    -0.14   0.05  -0.08
   9   1     0.15  -0.24   0.04     0.12  -0.18   0.02    -0.13   0.06   0.09
  10   1    -0.46   0.18  -0.01    -0.03   0.01  -0.00    -0.13   0.02   0.01
                     13                     14                     15
                        a                      a                      a 
 Frequencies --  1370.0302              1451.2712              1451.9983
 Red. masses --     3.0392                 1.7323                 1.5769
 Frc consts  --     0.0000                 0.0000                 0.0000
 IR Inten    --    27.8357                13.4397                 7.1005
 Raman Activ --     0.0000                 0.0000                 0.0000
 Depolar     --     0.0000                 0.0000                 0.0000
 Atom AN      X      Y      Z        X      Y      Z        X      Y      Z
   1   6     0.08   0.11  -0.00    -0.20   0.11  -0.01     0.02  -0.01  -0.04
   2   6     0.02  -0.01   0.00     0.04  -0.02  -0.01    -0.00   0.00  -0.06
   3   1    -0.11  -0.12  -0.09     0.23  -0.44  -0.28    -0.11   0.07   0.03
   4   1    -0.08  -0.11   0.01     0.21   0.32  -0.02    -0.02  -0.02   0.16
   5   1    -0.11  -0.11   0.10     0.20  -0.41   0.34     0.08   0.00  -0.01
   6   8    -0.00  -0.02  -0.00     0.00   0.06   0.00     0.00  -0.01   0.01
   7   6    -0.37   0.16   0.01     0.01   0.08  -0.03    -0.02  -0.03  -0.21
   8   1     0.42  -0.22   0.23    -0.14  -0.10  -0.11    -0.01   0.47   0.09
   9   1     0.41  -0.22  -0.24    -0.12  -0.18   0.16     0.09  -0.40   0.06
  10   1     0.42  -0.07  -0.03     0.13  -0.01   0.08    -0.01   0.04   0.70
                     16                     17                     18
                        a                      a                      a 
 Frequencies --  1460.6839              1465.8660              1777.3555
 Red. masses --     1.6219                 1.7244                13.3518
 Frc consts  --     0.0000                 0.0000                 0.0000
 IR Inten    --     5.9626                 2.0976               333.6057
 Raman Activ --     0.0000                 0.0000                 0.0000
 Depolar     --     0.0000                 0.0000                 0.0000
 Atom AN      X      Y      Z        X      Y      Z        X      Y      Z
   1   6    -0.01  -0.02  -0.22     0.06  -0.06   0.01     0.02   0.04   0.00
   2   6     0.01  -0.00  -0.03     0.07   0.02  -0.00    -0.00  -0.79   0.00
   3   1    -0.39   0.15   0.05    -0.09   0.18   0.11     0.02   0.03   0.02
   4   1    -0.01   0.05   0.71    -0.08  -0.12   0.00    -0.03  -0.05  -0.00
   5   1     0.42  -0.16   0.10    -0.08   0.17  -0.14     0.02   0.03  -0.03
   6   8    -0.00   0.00  -0.00    -0.01  -0.02   0.00     0.00   0.61  -0.00
   7   6     0.00   0.01   0.06    -0.01   0.23  -0.03    -0.01   0.05  -0.00
   8   1    -0.01  -0.10  -0.03    -0.28  -0.37  -0.27     0.00  -0.02  -0.00
   9   1    -0.01   0.08  -0.01    -0.26  -0.39   0.33     0.01  -0.02   0.01
  10   1     0.00  -0.01  -0.16     0.43  -0.05   0.03    -0.05   0.01   0.00
                     19                     20                     21
                        a                      a                      a 
 Frequencies --  3020.9526              3024.5442              3028.8009
 Red. masses --     1.9084                 1.8886                 1.4783
 Frc consts  --     0.0000                 0.0000                 0.0000
 IR Inten    --     4.3496                11.6715                 5.6189
 Raman Activ --     0.0000                 0.0000                 0.0000
 Depolar     --     0.0000                 0.0000                 0.0000
 Atom AN      X      Y      Z        X      Y      Z        X      Y      Z
   1   6     0.01   0.04  -0.26    -0.00  -0.03   0.10     0.02   0.18   0.08
   2   6     0.00   0.00  -0.00    -0.00  -0.00   0.01     0.00   0.01   0.00
   3   1    -0.03  -0.44   0.65     0.02   0.19  -0.29    -0.02  -0.21   0.38
   4   1    -0.00   0.01  -0.03     0.00  -0.01   0.01    -0.08   0.08   0.01
   5   1    -0.01   0.28   0.30     0.00  -0.08  -0.07     0.01  -0.53  -0.68
   6   8     0.00  -0.00   0.00     0.00   0.00  -0.00     0.00  -0.00  -0.00
   7   6    -0.02  -0.01   0.11    -0.04  -0.01   0.26    -0.02  -0.02   0.01
   8   1     0.16   0.07  -0.26     0.41   0.16  -0.64     0.05   0.02  -0.08
   9   1    -0.11  -0.05  -0.13    -0.25  -0.13  -0.31     0.02   0.01   0.04
  10   1     0.00   0.01   0.01    -0.01  -0.02   0.04     0.01   0.05  -0.00
                     22                     23                     24
                        a                      a                      a 
 Frequencies --  3036.9502              3057.1905              3062.6805
 Red. masses --     1.4517                 1.7850                 1.8116
 Frc consts  --     0.0000                 0.0000                 0.0000
 IR Inten    --     4.4150                10.3630                24.9335
 Raman Activ --     0.0000                 0.0000                 0.0000
 Depolar     --     0.0000                 0.0000                 0.0000
 Atom AN      X      Y      Z        X      Y      Z        X      Y      Z
   1   6    -0.00   0.02   0.01     0.19  -0.16   0.01    -0.06   0.07  -0.00
   2   6     0.01  -0.00   0.00     0.01  -0.00   0.00     0.00   0.01  -0.00
   3   1    -0.00  -0.01   0.02     0.02  -0.00  -0.03    -0.01  -0.02   0.05
   4   1     0.01  -0.01   0.00    -0.73   0.55  -0.05     0.24  -0.18   0.02
   5   1    -0.00  -0.04  -0.06     0.02   0.02   0.05    -0.01  -0.04  -0.06
   6   8    -0.00   0.00  -0.00    -0.00   0.00   0.00    -0.00  -0.00   0.00
   7   6     0.18   0.06   0.07     0.03   0.08  -0.00     0.07   0.25  -0.01
   8   1    -0.22  -0.09   0.40    -0.01   0.00   0.03    -0.02   0.02   0.05
   9   1    -0.46  -0.24  -0.66    -0.02  -0.00  -0.04    -0.04   0.00  -0.08
  10   1     0.05   0.14   0.00    -0.06  -0.29   0.02    -0.17  -0.89   0.05
