 Entering Gaussian System
 *********************************************
 Gaussian 98:
 frequency output generated by the xtb code
 *********************************************
                         Standard orientation:
 --------------------------------------------------------------------
  Center     Atomic     Atomic              Coordinates (Angstroms)
  Number     Number      Type              X           Y           Z
 --------------------------------------------------------------------
    1          6             0       -4.012727    1.140525   -0.000004
    2          6             0       -4.037399   -0.244157   -0.000008
    3          6             0       -1.639550   -0.286574   -0.000039
    4          1             0       -4.938709    1.697031    0.000010
    5          6             0       -2.801505    1.810999   -0.000016
    6          6             0       -2.850755   -0.957410   -0.000026
    7          1             0       -2.869795   -2.037812   -0.000029
    8          1             0       -0.713976   -0.843839   -0.000052
    9          6             0       -1.615071    1.097572   -0.000034
   10          1             0       -2.782022    2.891524   -0.000013
   11          1             0       -4.982151   -0.768264    0.000002
   12          1             0       -0.670207    1.621561   -0.000044
 --------------------------------------------------------------------
     1 basis functions        1 primitive gaussians
     1 alpha electrons        1 beta electrons
 
 Harmonic frequencies (cm**-1), IR intensities (km*mol⁻¹),
 Raman scattering activities (A**4/amu), Raman depolarization ratios,
 reduced masses (AMU), force constants (mDyne/A) and normal coordinates:
                      1                      2                      3
                        a                      a                      a 
 Frequencies --   368.1920               368.2862               578.9968
 Red. masses --     8.8067                 8.8015                11.0896
 Frc consts  --     0.0000                 0.0000                 0.0000
 IR Inten    --     0.0000                 0.0000                 0.0000
 Raman Activ --     0.0000                 0.0000                 0.0000
 Depolar     --     0.0000                 0.0000                 0.0000
 Atom AN      X      Y      Z        X      Y      Z        X      Y      Z
   1   6     0.00  -0.00   0.17    -0.00   0.00  -0.46    -0.28  -0.05   0.00
   2   6     0.00  -0.00   0.31     0.00  -0.00   0.37    -0.34   0.01   0.00
   3   6     0.00  -0.00   0.17    -0.00   0.00  -0.46     0.28   0.05  -0.00
   4   1     0.00  -0.00   0.11    -0.00   0.00  -0.29    -0.01   0.10   0.00
   5   6    -0.00   0.00  -0.48     0.00  -0.00   0.08     0.01  -0.51  -0.00
   6   6    -0.00   0.00  -0.48     0.00  -0.00   0.08    -0.01   0.51   0.00
   7   1    -0.00   0.00  -0.31     0.00  -0.00   0.05     0.01   0.14   0.00
   8   1     0.00  -0.00   0.11    -0.00   0.00  -0.29     0.01  -0.10  -0.00
   9   6     0.00  -0.00   0.31     0.00  -0.00   0.37     0.34  -0.01  -0.00
  10   1    -0.00   0.00  -0.31     0.00  -0.00   0.05    -0.01  -0.14  -0.00
  11   1     0.00  -0.00   0.20     0.00  -0.00   0.24    -0.04  -0.10   0.00
  12   1     0.00  -0.00   0.20     0.00  -0.00   0.24     0.04   0.10  -0.00
                      4                      5                      6
                        a                      a                      a 
 Frequencies --   579.1833               657.4271               692.6603
 Red. masses --    11.0909                10.6041                 1.8599
 Frc consts  --     0.0000                 0.0000                 0.0000
 IR Inten    --     0.0000                 0.0000                32.6096
 Raman Activ --     0.0000                 0.0000                 0.0000
 Depolar     --     0.0000                 0.0000                 0.0000
 Atom AN      X      Y      Z        X      Y      Z        X      Y      Z
   1   6     0.35  -0.31  -0.00     0.00  -0.00   0.38     0.00  -0.00   0.11
   2   6    -0.31  -0.31   0.00    -0.00   0.00  -0.38     0.00  -0.00   0.11
   3   6    -0.35   0.31   0.00    -0.00   0.00  -0.38     0.00  -0.00   0.11
   4   1     0.13  -0.03  -0.00     0.00  -0.00   0.15    -0.00   0.00  -0.39
   5   6     0.21   0.04  -0.00    -0.00   0.00  -0.38     0.00  -0.00   0.11
   6   6    -0.21  -0.04   0.00     0.00  -0.00   0.38     0.00  -0.00   0.11
   7   1     0.09  -0.01  -0.00     0.00  -0.00   0.15    -0.00   0.00  -0.39
   8   1    -0.13   0.03   0.00    -0.00   0.00  -0.15    -0.00   0.00  -0.39
   9   6     0.31   0.31  -0.00     0.00  -0.00   0.38     0.00  -0.00   0.11
  10   1    -0.09   0.01   0.00    -0.00   0.00  -0.15    -0.00   0.00  -0.39
  11   1    -0.13  -0.01   0.00    -0.00   0.00  -0.15    -0.00   0.00  -0.39
  12   1     0.13   0.01  -0.00     0.00  -0.00   0.15    -0.00   0.00  -0.39
                      7                      8                      9
                        a                      a                      a 
 Frequencies --   881.9032               882.1450               930.1929
 Red. masses --     3.3193                 3.3203                 4.2170
 Frc consts  --     0.0000                 0.0000                 0.0000
 IR Inten    --     0.0000                 0.0000                 0.0000
 Raman Activ --     0.0000                 0.0000                 0.0000
 Depolar     --     0.0000                 0.0000                 0.0000
 Atom AN      X      Y      Z        X      Y      Z        X      Y      Z
   1   6     0.00  -0.00   0.23    -0.00   0.00  -0.13    -0.00   0.00  -0.28
   2   6     0.00  -0.00   0.23     0.00  -0.00   0.14     0.00  -0.00   0.26
   3   6    -0.00   0.00  -0.23     0.00  -0.00   0.13    -0.00   0.00  -0.28
   4   1    -0.00   0.00  -0.45     0.00  -0.00   0.26     0.00  -0.00   0.44
   5   6     0.00  -0.00   0.00    -0.00   0.00  -0.26     0.00   0.00   0.03
   6   6    -0.00   0.00  -0.00     0.00  -0.00   0.26     0.00   0.00   0.02
   7   1     0.00  -0.00   0.00    -0.00   0.00  -0.51    -0.00   0.00  -0.04
   8   1     0.00  -0.00   0.45    -0.00   0.00  -0.25     0.00  -0.00   0.44
   9   6    -0.00   0.00  -0.23    -0.00   0.00  -0.14     0.00  -0.00   0.25
  10   1    -0.00  -0.00  -0.00     0.00  -0.00   0.51    -0.00   0.00  -0.05
  11   1    -0.00   0.00  -0.44    -0.00   0.00  -0.26    -0.00   0.00  -0.40
  12   1     0.00  -0.00   0.44     0.00  -0.00   0.26    -0.00   0.00  -0.39
                     10                     11                     12
                        a                      a                      a 
 Frequencies --   930.8356               937.0054               956.9312
 Red. masses --     4.2112                 2.4155                11.2925
 Frc consts  --     0.0000                 0.0000                 0.0000
 IR Inten    --     0.0001                 0.0000                 0.0013
 Raman Activ --     0.0000                 0.0000                 0.0000
 Depolar     --     0.0000                 0.0000                 0.0000
 Atom AN      X      Y      Z        X      Y      Z        X      Y      Z
   1   6    -0.00   0.00  -0.13     0.00  -0.00   0.14    -0.34   0.20   0.00
   2   6    -0.00  -0.00  -0.18    -0.00   0.00  -0.14     0.35   0.19  -0.00
   3   6    -0.00   0.00  -0.14    -0.00   0.00  -0.15    -0.34   0.20   0.00
   4   1     0.00  -0.00   0.20    -0.00   0.00  -0.38    -0.09   0.05   0.00
   5   6     0.00  -0.00   0.31    -0.00   0.00  -0.15    -0.01  -0.39  -0.00
   6   6     0.00   0.00   0.31     0.00  -0.00   0.14    -0.01  -0.39  -0.00
   7   1    -0.00   0.00  -0.49    -0.00   0.00  -0.37    -0.00  -0.10  -0.00
   8   1     0.00  -0.00   0.21     0.00  -0.00   0.38    -0.09   0.05   0.00
   9   6    -0.00  -0.00  -0.17     0.00  -0.00   0.15     0.35   0.19  -0.00
  10   1    -0.00   0.00  -0.48     0.00  -0.00   0.39    -0.00  -0.10  -0.00
  11   1     0.00  -0.00   0.28     0.00  -0.00   0.37     0.09   0.05   0.00
  12   1     0.00  -0.00   0.27    -0.00   0.00  -0.39     0.09   0.05  -0.00
                     13                     14                     15
                        a                      a                      a 
 Frequencies --  1067.1045              1090.5840              1090.6378
 Red. masses --    11.0780                 4.7002                 4.7099
 Frc consts  --     0.0000                 0.0000                 0.0000
 IR Inten    --     0.0000                 0.0765                 0.0958
 Raman Activ --     0.0000                 0.0000                 0.0000
 Depolar     --     0.0000                 0.0000                 0.0000
 Atom AN      X      Y      Z        X      Y      Z        X      Y      Z
   1   6     0.34  -0.20  -0.00    -0.21  -0.05   0.00    -0.15   0.20   0.00
   2   6     0.34   0.19  -0.00     0.19  -0.07  -0.00    -0.18  -0.19   0.00
   3   6    -0.33   0.20   0.00    -0.21  -0.05   0.00    -0.16   0.21   0.00
   4   1     0.10  -0.06  -0.00    -0.24  -0.31   0.00     0.07   0.25   0.00
   5   6    -0.01  -0.39  -0.00     0.01   0.28   0.00     0.17  -0.02  -0.00
   6   6     0.01   0.39   0.00     0.01   0.28   0.00     0.17  -0.01  -0.00
   7   1    -0.00   0.12   0.00     0.02   0.08   0.00     0.46  -0.01  -0.00
   8   1    -0.10   0.06   0.00    -0.24  -0.31   0.00     0.07   0.25   0.00
   9   6    -0.34  -0.19   0.00     0.19  -0.07  -0.00    -0.19  -0.19   0.00
  10   1    -0.01  -0.12  -0.00     0.02   0.08   0.00     0.46  -0.01  -0.00
  11   1     0.10   0.06  -0.00     0.23  -0.34  -0.00     0.04  -0.22  -0.00
  12   1    -0.10  -0.06   0.00     0.23  -0.34  -0.00     0.04  -0.22  -0.00
                     16                     17                     18
                        a                      a                      a 
 Frequencies --  1176.1212              1198.0746              1198.6928
 Red. masses --     1.0127                 1.7292                 1.7275
 Frc consts  --     0.0000                 0.0000                 0.0000
 IR Inten    --     0.0005                 0.0000                 0.0000
 Raman Activ --     0.0000                 0.0000                 0.0000
 Depolar     --     0.0000                 0.0000                 0.0000
 Atom AN      X      Y      Z        X      Y      Z        X      Y      Z
   1   6    -0.00  -0.01  -0.00    -0.08  -0.11   0.00    -0.00  -0.06  -0.00
   2   6    -0.00   0.01   0.00    -0.07   0.09   0.00     0.02  -0.09  -0.00
   3   6    -0.00  -0.01  -0.00     0.08   0.11  -0.00     0.00   0.07   0.00
   4   1     0.21   0.35  -0.00    -0.27  -0.44   0.00    -0.11  -0.20   0.00
   5   6     0.01   0.00  -0.00     0.02  -0.03  -0.00     0.14   0.00  -0.00
   6   6     0.01  -0.00  -0.00    -0.02   0.03   0.00    -0.14  -0.00   0.00
   7   1    -0.41   0.01   0.00    -0.07   0.01   0.00    -0.55   0.01   0.00
   8   1     0.21   0.35  -0.00     0.27   0.44  -0.00     0.11   0.19  -0.00
   9   6    -0.00   0.01   0.00     0.07  -0.09  -0.00    -0.02   0.09   0.00
  10   1    -0.41   0.01   0.00     0.06  -0.01  -0.00     0.56  -0.01  -0.00
  11   1     0.20  -0.36  -0.00    -0.22   0.39   0.00     0.16  -0.29  -0.00
  12   1     0.20  -0.35  -0.00     0.22  -0.39  -0.00    -0.16   0.30   0.00
                     19                     20                     21
                        a                      a                      a 
 Frequencies --  1304.2369              1320.0383              1460.4911
 Red. masses --     3.3198                12.0060                 8.2960
 Frc consts  --     0.0000                 0.0000                 0.0000
 IR Inten    --     0.0000                 0.0002                 0.0121
 Raman Activ --     0.0000                 0.0000                 0.0000
 Depolar     --     0.0000                 0.0000                 0.0000
 Atom AN      X      Y      Z        X      Y      Z        X      Y      Z
   1   6    -0.10  -0.16   0.00     0.21   0.35  -0.00    -0.27  -0.25   0.00
   2   6     0.09  -0.16  -0.00     0.20  -0.36  -0.00     0.29  -0.19  -0.00
   3   6     0.10   0.16  -0.00     0.21   0.35  -0.00    -0.27  -0.25   0.00
   4   1     0.19   0.31  -0.00     0.00   0.01   0.00     0.13   0.27  -0.00
   5   6    -0.19   0.00   0.00    -0.41   0.01   0.00    -0.04   0.27   0.00
   6   6     0.19  -0.00  -0.00    -0.41   0.01   0.00    -0.05   0.27   0.00
   7   1    -0.36   0.01   0.00    -0.01   0.00   0.00     0.04   0.08  -0.00
   8   1    -0.19  -0.31   0.00     0.00   0.01   0.00     0.13   0.27  -0.00
   9   6    -0.09   0.16   0.00     0.20  -0.36  -0.00     0.29  -0.19  -0.00
  10   1     0.36  -0.01  -0.00    -0.01  -0.00   0.00     0.04   0.08  -0.00
  11   1    -0.18   0.32   0.00     0.00  -0.01  -0.00    -0.08   0.25   0.00
  12   1     0.18  -0.32  -0.00     0.00  -0.01  -0.00    -0.08   0.25   0.00
                     22                     23                     24
                        a                      a                      a 
 Frequencies --  1460.7306              1599.8778              1600.4123
 Red. masses --     8.2865                11.4356                11.4360
 Frc consts  --     0.0000                 0.0000                 0.0000
 IR Inten    --     0.0008                 0.0000                 0.0000
 Raman Activ --     0.0000                 0.0000                 0.0000
 Depolar     --     0.0000                 0.0000                 0.0000
 Atom AN      X      Y      Z        X      Y      Z        X      Y      Z
   1   6     0.13  -0.26  -0.00    -0.17  -0.45   0.00     0.28   0.08  -0.00
   2   6     0.07   0.31   0.00    -0.09   0.43   0.00    -0.30   0.18   0.00
   3   6     0.14  -0.25  -0.00     0.17   0.45  -0.00    -0.28  -0.08   0.00
   4   1     0.13   0.07  -0.00     0.08   0.08  -0.00     0.02  -0.07  -0.00
   5   6    -0.38  -0.03   0.00     0.06   0.21   0.00    -0.52   0.03   0.00
   6   6    -0.38  -0.03   0.00    -0.05  -0.21  -0.00     0.52  -0.03  -0.00
   7   1     0.32  -0.02  -0.00     0.01  -0.06  -0.00    -0.12  -0.00   0.00
   8   1     0.13   0.07  -0.00    -0.08  -0.08   0.00    -0.02   0.07   0.00
   9   6     0.07   0.31   0.00     0.09  -0.43  -0.00     0.30  -0.18  -0.00
  10   1     0.32  -0.02  -0.00    -0.01   0.06   0.00     0.12   0.00  -0.00
  11   1     0.15  -0.14  -0.00     0.07  -0.07  -0.00    -0.01  -0.08  -0.00
  12   1     0.15  -0.14  -0.00    -0.08   0.07   0.00     0.01   0.08   0.00
                     25                     26                     27
                        a                      a                      a 
 Frequencies --  3068.1187              3070.9576              3072.7833
 Red. masses --     1.7282                 1.7825                 1.7831
 Frc consts  --     0.0000                 0.0000                 0.0000
 IR Inten    --     1.1697                 0.0623                 0.0370
 Raman Activ --     0.0000                 0.0000                 0.0000
 Depolar     --     0.0000                 0.0000                 0.0000
 Atom AN      X      Y      Z        X      Y      Z        X      Y      Z
   1   6     0.08  -0.05  -0.00     0.04  -0.02  -0.00    -0.12   0.07   0.00
   2   6    -0.07  -0.04   0.00     0.08   0.04  -0.00     0.11   0.07  -0.00
   3   6     0.08  -0.05  -0.00    -0.07   0.04   0.00     0.11  -0.07  -0.00
   4   1    -0.32   0.19   0.00    -0.14   0.08   0.00     0.43  -0.26  -0.00
   5   6     0.00   0.14   0.00     0.00   0.15   0.00    -0.00  -0.02  -0.00
   6   6     0.00   0.10   0.00    -0.00  -0.17  -0.00     0.00   0.01  -0.00
   7   1    -0.01  -0.36  -0.00     0.01   0.61   0.00    -0.00  -0.02  -0.00
   8   1    -0.30   0.18   0.00     0.25  -0.15  -0.00    -0.42   0.25   0.00
   9   6    -0.10  -0.05   0.00    -0.06  -0.03   0.00    -0.11  -0.06   0.00
  10   1    -0.01  -0.51  -0.00    -0.01  -0.53  -0.00     0.00   0.06   0.00
  11   1     0.29   0.16  -0.00    -0.30  -0.16   0.00    -0.42  -0.23   0.00
  12   1     0.36   0.20  -0.00     0.20   0.11  -0.00     0.40   0.23  -0.00
                     28                     29                     30
                        a                      a                      a 
 Frequencies --  3083.1867              3084.8009              3092.3944
 Red. masses --     1.8813                 1.8823                 1.9397
 Frc consts  --     0.0000                 0.0000                 0.0000
 IR Inten    --   122.5233               120.0564                 0.1446
 Raman Activ --     0.0000                 0.0000                 0.0000
 Depolar     --     0.0000                 0.0000                 0.0000
 Atom AN      X      Y      Z        X      Y      Z        X      Y      Z
   1   6     0.07  -0.04  -0.00    -0.13   0.08   0.00     0.11  -0.06  -0.00
   2   6    -0.09  -0.05   0.00    -0.11  -0.06   0.00     0.11   0.06  -0.00
   3   6     0.06  -0.03  -0.00    -0.13   0.08   0.00    -0.11   0.06   0.00
   4   1    -0.25   0.15   0.00     0.43  -0.26  -0.00    -0.36   0.21   0.00
   5   6    -0.00  -0.15  -0.00     0.00   0.01  -0.00    -0.00  -0.10  -0.00
   6   6    -0.00  -0.16  -0.00     0.00   0.02   0.00     0.00   0.12   0.00
   7   1     0.01   0.53   0.00    -0.00  -0.06  -0.00    -0.01  -0.38  -0.00
   8   1    -0.20   0.12   0.00     0.44  -0.27  -0.00     0.35  -0.21  -0.00
   9   6    -0.09  -0.05   0.00    -0.11  -0.07   0.00    -0.10  -0.06   0.00
  10   1     0.01   0.51   0.00    -0.00  -0.03  -0.00     0.01   0.34   0.00
  11   1     0.30   0.16  -0.00     0.38   0.21  -0.00    -0.36  -0.20   0.00
  12   1     0.32   0.18  -0.00     0.39   0.22  -0.00     0.34   0.19  -0.00
