 Entering Gaussian System
 *********************************************
 Gaussian 98:
 frequency output generated by the xtb code
 *********************************************
                         Standard orientation:
 --------------------------------------------------------------------
  Center     Atomic     Atomic              Coordinates (Angstroms)
  Number     Number      Type              X           Y           Z
 --------------------------------------------------------------------
    1          6             0       -5.173408   -0.904203   -0.000001
    2          6             0       -3.825570   -0.111147   -0.000007
    3          8             0       -3.937015    1.123918    0.000011
    4          8             0       -2.799245   -0.805969   -0.000007
    5          6             0       -5.177594   -2.292437    0.000018
    6          6             0       -7.575830   -2.313625    0.000049
    7          6             0       -6.387547   -0.230891    0.000008
    8          1             0       -8.527640   -0.395131    0.000039
    9          1             0       -4.224049   -2.802988    0.000014
   10          1             0       -6.365659   -4.080056    0.000057
   11          6             0       -7.582548   -0.927464    0.000032
   12          1             0       -6.367007    0.850586   -0.000001
   13          6             0       -6.369208   -2.995289    0.000042
   14          1             0       -8.511183   -2.862548    0.000069
 --------------------------------------------------------------------
     1 basis functions        1 primitive gaussians
     1 alpha electrons        1 beta electrons
 
 Harmonic frequencies (cm**-1), IR intensities (km*mol⁻¹),
 Raman scattering activities (A**4/amu), Raman depolarization ratios,
 reduced masses (AMU), force constants (mDyne/A) and normal coordinates:
                      1                      2                      3
                        a                      a                      a 
 Frequencies --    25.8533               134.0498               173.7810
 Red. masses --    14.0275                11.3170                12.8369
 Frc consts  --     0.0000                 0.0000                 0.0000
 IR Inten    --     0.0002                 7.5843                 1.1810
 Raman Activ --     0.0000                 0.0000                 0.0000
 Depolar     --     0.0000                 0.0000                 0.0000
 Atom AN      X      Y      Z        X      Y      Z        X      Y      Z
   1   6     0.00  -0.00   0.00     0.00   0.00   0.49     0.17  -0.29   0.00
   2   6     0.00  -0.00   0.00     0.00   0.00   0.02     0.01  -0.02  -0.00
   3   8     0.00  -0.00   0.58     0.00   0.00  -0.29    -0.48  -0.06  -0.00
   4   8     0.00   0.00  -0.59    -0.00  -0.00  -0.28     0.29   0.39  -0.00
   5   6     0.00   0.00   0.24     0.00   0.00   0.38    -0.06  -0.29   0.00
   6   6    -0.00   0.00  -0.00    -0.00  -0.00  -0.41    -0.10   0.17  -0.00
   7   6    -0.00  -0.00  -0.24     0.00   0.00   0.38     0.28  -0.09   0.00
   8   1    -0.00  -0.00  -0.14    -0.00  -0.00  -0.08     0.07   0.10   0.00
   9   1     0.00   0.00   0.12     0.00   0.00   0.15    -0.05  -0.15   0.00
  10   1     0.00   0.00   0.14    -0.00  -0.00  -0.08    -0.13  -0.01  -0.00
  11   6    -0.00  -0.00  -0.26    -0.00  -0.00  -0.08     0.15   0.17   0.00
  12   1    -0.00  -0.00  -0.12     0.00   0.00   0.15     0.16  -0.03   0.00
  13   6     0.00   0.00   0.26    -0.00  -0.00  -0.09    -0.22  -0.04  -0.00
  14   1    -0.00   0.00  -0.00    -0.00  -0.00  -0.26    -0.06   0.10  -0.00
                      4                      5                      6
                        a                      a                      a 
 Frequencies --   343.9294               353.0837               394.0183
 Red. masses --    13.3573                 8.8330                10.0604
 Frc consts  --     0.0000                 0.0000                 0.0000
 IR Inten    --     2.1549                 0.0000                 1.7967
 Raman Activ --     0.0000                 0.0000                 0.0000
 Depolar     --     0.0000                 0.0000                 0.0000
 Atom AN      X      Y      Z        X      Y      Z        X      Y      Z
   1   6     0.02   0.01   0.00    -0.00   0.00  -0.00     0.00  -0.00   0.58
   2   6     0.29   0.17   0.00     0.00   0.00  -0.00    -0.00  -0.00   0.26
   3   8     0.44   0.18  -0.00     0.00   0.00  -0.01    -0.00   0.00  -0.11
   4   8     0.37   0.29  -0.00     0.00   0.00   0.01    -0.00  -0.00  -0.11
   5   6    -0.24  -0.02  -0.00    -0.00  -0.00  -0.43     0.00  -0.00  -0.19
   6   6    -0.33  -0.19   0.00    -0.00  -0.00  -0.00     0.00   0.00   0.43
   7   6    -0.14  -0.20  -0.00     0.00   0.00   0.43     0.00   0.00  -0.18
   8   1    -0.04  -0.03  -0.00    -0.00  -0.00  -0.27    -0.00  -0.00  -0.18
   9   1    -0.09  -0.06  -0.00    -0.00  -0.00  -0.27     0.00  -0.00  -0.17
  10   1    -0.04  -0.02  -0.00     0.00   0.00   0.27    -0.00  -0.00  -0.18
  11   6    -0.18  -0.20   0.00    -0.00  -0.00  -0.41     0.00   0.00  -0.25
  12   1    -0.10  -0.05  -0.00     0.00   0.00   0.27     0.00   0.00  -0.17
  13   6    -0.26  -0.06  -0.00     0.00   0.00   0.41     0.00  -0.00  -0.25
  14   1    -0.09  -0.06   0.00    -0.00  -0.00  -0.00     0.00   0.00   0.25
                      7                      8                      9
                        a                      a                      a 
 Frequencies --   503.9991               586.3005               640.0451
 Red. masses --    13.7134                11.1880                11.1040
 Frc consts  --     0.0000                 0.0000                 0.0000
 IR Inten    --     0.5465                 0.2211                 8.0514
 Raman Activ --     0.0000                 0.0000                 0.0000
 Depolar     --     0.0000                 0.0000                 0.0000
 Atom AN      X      Y      Z        X      Y      Z        X      Y      Z
   1   6     0.11  -0.19  -0.00     0.09  -0.15   0.00     0.00   0.00  -0.28
   2   6    -0.18   0.31  -0.00     0.00  -0.00  -0.00     0.00   0.00  -0.35
   3   8     0.31   0.43   0.00     0.02  -0.01   0.00    -0.00   0.00   0.10
   4   8    -0.53  -0.06   0.00     0.00  -0.02   0.00    -0.00  -0.00   0.10
   5   6     0.03  -0.28   0.00     0.44  -0.10  -0.00    -0.00   0.00   0.36
   6   6    -0.02   0.03  -0.00    -0.10   0.17  -0.00    -0.00  -0.00   0.40
   7   6     0.23  -0.16  -0.00    -0.12  -0.43   0.00     0.00  -0.00   0.36
   8   1     0.07   0.05   0.00    -0.10   0.09   0.00     0.00   0.00  -0.17
   9   1    -0.02  -0.13   0.00     0.09  -0.08   0.00    -0.00  -0.00   0.10
  10   1    -0.07  -0.04   0.00    -0.03   0.13  -0.00     0.00   0.00  -0.17
  11   6     0.15   0.02   0.00    -0.46   0.11   0.00     0.00  -0.00  -0.37
  12   1     0.12  -0.05   0.00     0.03  -0.12   0.00    -0.00  -0.00   0.10
  13   6    -0.09  -0.13   0.00     0.13   0.46  -0.00    -0.00   0.00  -0.37
  14   1    -0.03   0.05  -0.00     0.05  -0.09   0.00    -0.00  -0.00   0.11
                     10                     11                     12
                        a                      a                      a 
 Frequencies --   640.9764               701.7889               764.6664
 Red. masses --    12.4794                 5.2752                13.1803
 Frc consts  --     0.0000                 0.0000                 0.0000
 IR Inten    --    21.1240                53.1120               150.9226
 Raman Activ --     0.0000                 0.0000                 0.0000
 Depolar     --     0.0000                 0.0000                 0.0000
 Atom AN      X      Y      Z        X      Y      Z        X      Y      Z
   1   6    -0.35  -0.21  -0.00    -0.00  -0.00  -0.18     0.08   0.05   0.00
   2   6    -0.18  -0.10  -0.00     0.00  -0.00   0.46    -0.51  -0.30  -0.00
   3   8     0.34  -0.10   0.00    -0.00   0.00  -0.14     0.31  -0.30  -0.00
   4   8     0.07   0.35   0.00     0.00  -0.00  -0.14    -0.12   0.41   0.00
   5   6     0.06  -0.28   0.00    -0.00   0.00  -0.00     0.02   0.15  -0.00
   6   6     0.32   0.19   0.00    -0.00  -0.00  -0.03    -0.20  -0.12  -0.00
   7   6    -0.22   0.19   0.00    -0.00   0.00  -0.00     0.14  -0.05  -0.00
   8   1    -0.12  -0.04  -0.00     0.00   0.00   0.34     0.10   0.03   0.00
   9   1     0.07   0.01   0.00     0.00   0.00   0.35    -0.01   0.02   0.00
  10   1    -0.09  -0.08  -0.00     0.00   0.00   0.34     0.08   0.07   0.00
  11   6    -0.21   0.22  -0.00    -0.00  -0.00  -0.21     0.22  -0.14  -0.00
  12   1     0.04   0.05   0.00     0.00   0.00   0.35     0.01  -0.02   0.00
  13   6     0.09  -0.29  -0.00    -0.00  -0.00  -0.21    -0.01   0.26  -0.00
  14   1     0.09   0.05   0.00     0.00   0.00   0.39    -0.05  -0.03   0.00
                     13                     14                     15
                        a                      a                      a 
 Frequencies --   782.3190               877.7967               894.6169
 Red. masses --     9.2180                 3.4261                 4.0588
 Frc consts  --     0.0000                 0.0000                 0.0000
 IR Inten    --    10.3680                 0.0002                 0.0396
 Raman Activ --     0.0000                 0.0000                 0.0000
 Depolar     --     0.0000                 0.0000                 0.0000
 Atom AN      X      Y      Z        X      Y      Z        X      Y      Z
   1   6    -0.00  -0.00  -0.44    -0.00  -0.00  -0.00    -0.00  -0.00  -0.13
   2   6    -0.00  -0.00   0.63     0.00  -0.00   0.00     0.00  -0.00   0.09
   3   8     0.00  -0.00  -0.18    -0.00  -0.00  -0.00    -0.00   0.00  -0.02
   4   8    -0.00   0.00  -0.18     0.00  -0.00   0.00    -0.00  -0.00  -0.02
   5   6     0.00   0.00   0.11     0.00   0.00   0.13     0.00   0.00   0.24
   6   6    -0.00  -0.00   0.18     0.00  -0.00  -0.00    -0.00  -0.00  -0.37
   7   6     0.00  -0.00   0.12    -0.00  -0.00  -0.13     0.00   0.00   0.23
   8   1    -0.00  -0.00  -0.25     0.00   0.00   0.55    -0.00  -0.00  -0.05
   9   1    -0.00  -0.00  -0.12    -0.00  -0.00  -0.30    -0.00  -0.00  -0.40
  10   1    -0.00  -0.00  -0.25    -0.00  -0.00  -0.55    -0.00  -0.00  -0.04
  11   6     0.00  -0.00   0.06    -0.00  -0.00  -0.31    -0.00   0.00   0.04
  12   1    -0.00  -0.00  -0.12     0.00   0.00   0.30    -0.00  -0.00  -0.40
  13   6     0.00   0.00   0.06     0.00   0.00   0.30     0.00  -0.00   0.03
  14   1    -0.00  -0.00  -0.36     0.00  -0.00   0.00     0.00   0.00   0.63
                     16                     17                     18
                        a                      a                      a 
 Frequencies --   926.4840               931.8676               977.0036
 Red. masses --     2.4572                 4.0578                11.2829
 Frc consts  --     0.0000                 0.0000                 0.0000
 IR Inten    --     0.4031                 0.0003                 7.4415
 Raman Activ --     0.0000                 0.0000                 0.0000
 Depolar     --     0.0000                 0.0000                 0.0000
 Atom AN      X      Y      Z        X      Y      Z        X      Y      Z
   1   6    -0.00  -0.00  -0.04     0.00   0.00  -0.00    -0.23  -0.13   0.00
   2   6     0.00   0.00  -0.01    -0.00  -0.00   0.00     0.08   0.05  -0.00
   3   8     0.00   0.00  -0.00    -0.00  -0.00   0.00    -0.02   0.07   0.00
   4   8     0.00  -0.00  -0.00    -0.00   0.00  -0.00     0.05  -0.05  -0.00
   5   6    -0.00  -0.00  -0.13    -0.00  -0.00  -0.32     0.41  -0.32  -0.00
   6   6    -0.00  -0.00  -0.14     0.00   0.00   0.00    -0.36  -0.21   0.00
   7   6    -0.00  -0.00  -0.12     0.00   0.00   0.32    -0.08   0.52  -0.00
   8   1    -0.00  -0.00  -0.48     0.00   0.00   0.27     0.01  -0.09   0.00
   9   1     0.00   0.00   0.37     0.00   0.00   0.53     0.11  -0.10  -0.00
  10   1    -0.00  -0.00  -0.49    -0.00  -0.00  -0.26    -0.07   0.06  -0.00
  11   6     0.00   0.00   0.20    -0.00  -0.00  -0.19     0.19  -0.14  -0.00
  12   1     0.00   0.00   0.36    -0.00  -0.00  -0.55    -0.03   0.14  -0.00
  13   6     0.00   0.00   0.20     0.00   0.00   0.18    -0.03   0.24  -0.00
  14   1     0.00   0.00   0.37     0.00   0.00  -0.00    -0.10  -0.06   0.00
                     19                     20                     21
                        a                      a                      a 
 Frequencies --  1072.3025              1099.6194              1129.9436
 Red. masses --     6.6365                 3.6185                 8.7046
 Frc consts  --     0.0000                 0.0000                 0.0000
 IR Inten    --     2.0473                 0.2401                37.0982
 Raman Activ --     0.0000                 0.0000                 0.0000
 Depolar     --     0.0000                 0.0000                 0.0000
 Atom AN      X      Y      Z        X      Y      Z        X      Y      Z
   1   6    -0.02  -0.01   0.00     0.06  -0.10   0.00    -0.54  -0.32   0.00
   2   6     0.01   0.01   0.00     0.00  -0.01  -0.00     0.14   0.08  -0.00
   3   8     0.00  -0.00  -0.00     0.01   0.02   0.00     0.01   0.05   0.00
   4   8    -0.00   0.00  -0.00    -0.02   0.00   0.00     0.05  -0.02   0.00
   5   6    -0.13  -0.09   0.00    -0.23   0.03   0.00    -0.19   0.13   0.00
   6   6     0.38   0.22  -0.00     0.10  -0.18   0.00     0.08   0.04  -0.00
   7   6    -0.14  -0.07   0.00     0.09   0.22  -0.00     0.02  -0.23   0.00
   8   1    -0.05  -0.30   0.00    -0.18  -0.21   0.00     0.09  -0.01  -0.00
   9   1    -0.21  -0.32   0.00    -0.29  -0.40   0.00     0.11   0.36  -0.00
  10   1    -0.28   0.10   0.00     0.27   0.06  -0.00     0.03   0.08  -0.00
  11   6     0.25  -0.27   0.00    -0.18   0.05   0.00     0.25  -0.13  -0.00
  12   1    -0.38  -0.02   0.00     0.49   0.06  -0.00     0.37  -0.08  -0.00
  13   6    -0.11   0.35  -0.00     0.04   0.18  -0.00     0.01   0.28  -0.00
  14   1     0.11   0.07  -0.00     0.18  -0.31   0.00     0.03   0.01  -0.00
                     22                     23                     24
                        a                      a                      a 
 Frequencies --  1182.7061              1187.1993              1271.2258
 Red. masses --     1.5447                 2.7635                 3.9182
 Frc consts  --     0.0000                 0.0000                 0.0000
 IR Inten    --     0.1414                 0.0106                 0.7450
 Raman Activ --     0.0000                 0.0000                 0.0000
 Depolar     --     0.0000                 0.0000                 0.0000
 Atom AN      X      Y      Z        X      Y      Z        X      Y      Z
   1   6     0.02  -0.01   0.00     0.23   0.14  -0.00     0.14  -0.24   0.00
   2   6    -0.00  -0.00   0.00    -0.05  -0.03   0.00    -0.01   0.02  -0.00
   3   8    -0.00  -0.01  -0.00    -0.00  -0.02  -0.00     0.01   0.01   0.00
   4   8     0.00  -0.00  -0.00    -0.02   0.01  -0.00    -0.03   0.01   0.00
   5   6     0.12   0.06  -0.00     0.09   0.07  -0.00    -0.18  -0.18   0.00
   6   6    -0.06   0.09  -0.00    -0.00  -0.01   0.00    -0.09   0.15  -0.00
   7   6    -0.10  -0.07   0.00     0.11   0.05  -0.00     0.25   0.07  -0.00
   8   1    -0.20  -0.38   0.00    -0.27  -0.46   0.00    -0.22  -0.34   0.00
   9   1    -0.04  -0.12   0.00     0.18   0.30  -0.00     0.18   0.38  -0.00
  10   1     0.39  -0.01  -0.00    -0.56  -0.01   0.00     0.41   0.03  -0.00
  11   6     0.01  -0.05   0.00    -0.11  -0.12   0.00    -0.05   0.09  -0.00
  12   1     0.15  -0.02  -0.00     0.34   0.01  -0.00    -0.42   0.03   0.00
  13   6     0.03  -0.03   0.00    -0.16  -0.03   0.00    -0.06   0.09  -0.00
  14   1    -0.38   0.66  -0.00     0.01  -0.03  -0.00     0.11  -0.19   0.00
                     25                     26                     27
                        a                      a                      a 
 Frequencies --  1287.9244              1325.8625              1438.9580
 Red. masses --    14.5069                11.9058                 8.6835
 Frc consts  --     0.0000                 0.0000                 0.0000
 IR Inten    --   411.1803                 0.3859                 1.1104
 Raman Activ --     0.0000                 0.0000                 0.0000
 Depolar     --     0.0000                 0.0000                 0.0000
 Atom AN      X      Y      Z        X      Y      Z        X      Y      Z
   1   6     0.01   0.00  -0.00     0.22  -0.37   0.00     0.21  -0.35   0.00
   2   6    -0.51  -0.30  -0.00    -0.01   0.01  -0.00    -0.00   0.01  -0.00
   3   8    -0.02   0.57   0.00     0.01   0.02   0.00     0.01   0.03   0.00
   4   8     0.48  -0.29  -0.00    -0.02  -0.00   0.00    -0.03   0.01   0.00
   5   6    -0.04  -0.04   0.00     0.20   0.32  -0.00    -0.27   0.01   0.00
   6   6     0.03   0.02  -0.00     0.20  -0.34   0.00     0.19  -0.33   0.00
   7   6    -0.04  -0.01   0.00    -0.38  -0.01   0.00     0.12   0.24  -0.00
   8   1     0.02   0.01  -0.00    -0.02  -0.03   0.00     0.05   0.22  -0.00
   9   1     0.01   0.03  -0.00     0.03   0.04  -0.00    -0.01   0.14  -0.00
  10   1     0.03   0.01  -0.00     0.04   0.00  -0.00    -0.22   0.07   0.00
  11   6     0.01  -0.02   0.00     0.21   0.37  -0.00    -0.33  -0.10   0.00
  12   1     0.02  -0.01  -0.00    -0.05  -0.01   0.00    -0.12   0.07   0.00
  13   6    -0.02   0.02   0.00    -0.43   0.00   0.00     0.25   0.24  -0.00
  14   1     0.01   0.00  -0.00     0.02  -0.03   0.00    -0.20   0.35  -0.00
                     28                     29                     30
                        a                      a                      a 
 Frequencies --  1459.5649              1589.7745              1590.2191
 Red. masses --     8.7094                11.5021                11.5298
 Frc consts  --     0.0000                 0.0000                 0.0000
 IR Inten    --     0.0193                 1.3598                 1.0766
 Raman Activ --     0.0000                 0.0000                 0.0000
 Depolar     --     0.0000                 0.0000                 0.0000
 Atom AN      X      Y      Z        X      Y      Z        X      Y      Z
   1   6    -0.31  -0.18   0.00     0.00  -0.38   0.00    -0.33   0.26   0.00
   2   6    -0.02  -0.01  -0.00    -0.00  -0.01  -0.00    -0.01   0.01   0.00
   3   8     0.00   0.06   0.00     0.01   0.03   0.00    -0.01  -0.01  -0.00
   4   8     0.05  -0.03   0.00    -0.01  -0.00   0.00     0.04  -0.01  -0.00
   5   6     0.05   0.35  -0.00     0.24   0.45  -0.00     0.21  -0.04  -0.00
   6   6    -0.23  -0.14   0.00    -0.03   0.38  -0.00     0.33  -0.28  -0.00
   7   6     0.34  -0.12  -0.00     0.15   0.20  -0.00     0.49  -0.05  -0.00
   8   1    -0.17  -0.23   0.00     0.07   0.10  -0.00    -0.03   0.06  -0.00
   9   1    -0.15  -0.21   0.00    -0.05  -0.10   0.00     0.04  -0.04  -0.00
  10   1    -0.28  -0.04   0.00     0.06  -0.05  -0.00     0.11   0.02  -0.00
  11   6     0.05   0.34  -0.00    -0.21  -0.46   0.00    -0.24   0.01   0.00
  12   1    -0.26  -0.03   0.00    -0.04   0.05  -0.00    -0.10  -0.00   0.00
  13   6     0.32  -0.11  -0.00    -0.19  -0.20   0.00    -0.48   0.08   0.00
  14   1    -0.07  -0.04   0.00     0.08  -0.06  -0.00    -0.02   0.11  -0.00
                     31                     32                     33
                        a                      a                      a 
 Frequencies --  1758.6145              3005.3000              3012.1130
 Red. masses --    13.2012                 1.7277                 1.8064
 Frc consts  --     0.0000                 0.0000                 0.0000
 IR Inten    --   507.8501                 0.5478               160.3981
 Raman Activ --     0.0000                 0.0000                 0.0000
 Depolar     --     0.0000                 0.0000                 0.0000
 Atom AN      X      Y      Z        X      Y      Z        X      Y      Z
   1   6    -0.02   0.03   0.00    -0.00  -0.00   0.00    -0.00   0.00  -0.00
   2   6     0.43  -0.72  -0.00     0.00   0.00   0.00     0.00  -0.00   0.00
   3   8    -0.04   0.38   0.00    -0.00  -0.00  -0.00    -0.00   0.00  -0.00
   4   8    -0.32   0.22   0.00    -0.00   0.00  -0.00     0.00   0.00  -0.00
   5   6     0.01  -0.01  -0.00    -0.01  -0.00   0.00    -0.01   0.00   0.00
   6   6     0.00  -0.01   0.00     0.14   0.08  -0.00    -0.01  -0.01   0.00
   7   6     0.00  -0.01   0.00    -0.00  -0.00   0.00     0.00   0.01  -0.00
   8   1    -0.00  -0.00   0.00     0.42  -0.24  -0.00    -0.60   0.34   0.00
   9   1     0.01   0.01  -0.00     0.04  -0.02  -0.00     0.06  -0.03  -0.00
  10   1     0.00   0.00  -0.00    -0.01   0.54  -0.00    -0.00   0.66  -0.00
  11   6    -0.00   0.01  -0.00    -0.11   0.07   0.00     0.17  -0.09  -0.00
  12   1    -0.02  -0.01   0.00     0.00   0.04  -0.00    -0.00  -0.07   0.00
  13   6    -0.01   0.01  -0.00     0.01  -0.14   0.00    -0.00  -0.19   0.00
  14   1    -0.00   0.00  -0.00    -0.54  -0.32   0.00     0.03   0.02  -0.00
                     34                     35                     36
                        a                      a                      a 
 Frequencies --  3029.2817              3067.8626              3068.4735
 Red. masses --     1.8846                 1.8269                 1.8338
 Frc consts  --     0.0000                 0.0000                 0.0000
 IR Inten    --   196.0973                55.1581                 4.6398
 Raman Activ --     0.0000                 0.0000                 0.0000
 Depolar     --     0.0000                 0.0000                 0.0000
 Atom AN      X      Y      Z        X      Y      Z        X      Y      Z
   1   6     0.00   0.00  -0.00    -0.00   0.00  -0.00    -0.01  -0.00   0.00
   2   6    -0.00  -0.00  -0.00    -0.00   0.00   0.00    -0.00  -0.00  -0.00
   3   8     0.00   0.00   0.00     0.00  -0.00  -0.00    -0.00   0.00   0.00
   4   8     0.00  -0.00  -0.00     0.00  -0.00   0.00     0.00  -0.00   0.00
   5   6     0.02  -0.01  -0.00    -0.12   0.06   0.00    -0.21   0.11   0.00
   6   6     0.18   0.11  -0.00    -0.00  -0.01   0.00     0.02   0.01  -0.00
   7   6    -0.00   0.02  -0.00     0.01   0.23  -0.00    -0.00  -0.13   0.00
   8   1    -0.39   0.22   0.00     0.07  -0.04  -0.00    -0.06   0.03   0.00
   9   1    -0.08   0.04   0.00     0.42  -0.23  -0.00     0.73  -0.40  -0.00
  10   1     0.00  -0.43   0.00     0.00  -0.04   0.00     0.00  -0.10   0.00
  11   6     0.11  -0.07  -0.00    -0.03   0.02   0.00     0.02  -0.01  -0.00
  12   1    -0.00  -0.09   0.00    -0.01  -0.83   0.00     0.00   0.47  -0.00
  13   6    -0.00   0.13  -0.00    -0.00   0.02  -0.00    -0.00   0.04  -0.00
  14   1    -0.62  -0.37   0.00     0.01   0.01  -0.00    -0.05  -0.03   0.00
